// Jest Snapshot v1, https://goo.gl/fbAQLP

exports[`<LoginForm/> should render <LoginForm/> and match the snapshot 1`] = `
Object {
  "asFragment": [Function],
  "baseElement": <body>
    <div>
      <form
        class=""
        novalidate=""
      >
        <div
          class="form-group"
        >
          <label
            class="form-label"
            for="formBasicUsername"
          >
            Username
          </label>
          <input
            class="form-control"
            id="formBasicUsername"
            placeholder="Enter username"
            required=""
            type="username"
          />
          <div
            class="invalid-feedback"
          >
            Please provide a username.
          </div>
          <small
            class="text-muted form-text"
          >
            Use the username you chose during the signup process.
          </small>
        </div>
        <div
          class="form-group"
        >
          <label
            class="form-label"
            for="formBasicPassword"
          >
            Password
          </label>
          <input
            class="form-control"
            id="formBasicPassword"
            placeholder="Password"
            required=""
            type="password"
          />
          <div
            class="invalid-feedback"
          >
            Please provide a password
          </div>
        </div>
        
        <div
          class="sc-dkPtyc ehPQLf col"
        >
          <button
            class="btn btn-primary"
            type="submit"
          >
            Login
          </button>
          <a
            class="btn btn-primary"
            href="/signup"
          >
            Sign up
          </a>
        </div>
      </form>
    </div>
  </body>,
  "container": <div>
    <form
      class=""
      novalidate=""
    >
      <div
        class="form-group"
      >
        <label
          class="form-label"
          for="formBasicUsername"
        >
          Username
        </label>
        <input
          class="form-control"
          id="formBasicUsername"
          placeholder="Enter username"
          required=""
          type="username"
        />
        <div
          class="invalid-feedback"
        >
          Please provide a username.
        </div>
        <small
          class="text-muted form-text"
        >
          Use the username you chose during the signup process.
        </small>
      </div>
      <div
        class="form-group"
      >
        <label
          class="form-label"
          for="formBasicPassword"
        >
          Password
        </label>
        <input
          class="form-control"
          id="formBasicPassword"
          placeholder="Password"
          required=""
          type="password"
        />
        <div
          class="invalid-feedback"
        >
          Please provide a password
        </div>
      </div>
      
      <div
        class="sc-dkPtyc ehPQLf col"
      >
        <button
          class="btn btn-primary"
          type="submit"
        >
          Login
        </button>
        <a
          class="btn btn-primary"
          href="/signup"
        >
          Sign up
        </a>
      </div>
    </form>
  </div>,
  "debug": [Function],
  "findAllByAltText": [Function],
  "findAllByDisplayValue": [Function],
  "findAllByLabelText": [Function],
  "findAllByPlaceholderText": [Function],
  "findAllByRole": [Function],
  "findAllByTestId": [Function],
  "findAllByText": [Function],
  "findAllByTitle": [Function],
  "findByAltText": [Function],
  "findByDisplayValue": [Function],
  "findByLabelText": [Function],
  "findByPlaceholderText": [Function],
  "findByRole": [Function],
  "findByTestId": [Function],
  "findByText": [Function],
  "findByTitle": [Function],
  "getAllByAltText": [Function],
  "getAllByDisplayValue": [Function],
  "getAllByLabelText": [Function],
  "getAllByPlaceholderText": [Function],
  "getAllByRole": [Function],
  "getAllByTestId": [Function],
  "getAllByText": [Function],
  "getAllByTitle": [Function],
  "getByAltText": [Function],
  "getByDisplayValue": [Function],
  "getByLabelText": [Function],
  "getByPlaceholderText": [Function],
  "getByRole": [Function],
  "getByTestId": [Function],
  "getByText": [Function],
  "getByTitle": [Function],
  "queryAllByAltText": [Function],
  "queryAllByDisplayValue": [Function],
  "queryAllByLabelText": [Function],
  "queryAllByPlaceholderText": [Function],
  "queryAllByRole": [Function],
  "queryAllByTestId": [Function],
  "queryAllByText": [Function],
  "queryAllByTitle": [Function],
  "queryByAltText": [Function],
  "queryByDisplayValue": [Function],
  "queryByLabelText": [Function],
  "queryByPlaceholderText": [Function],
  "queryByRole": [Function],
  "queryByTestId": [Function],
  "queryByText": [Function],
  "queryByTitle": [Function],
  "rerender": [Function],
  "unmount": [Function],
}
`;
